============================= test session starts =============================
platform win32 -- Python 3.14.0, pytest-8.0.0, pluggy-1.6.0 -- C:\Users\SANYAM\OneDrive\Desktop\portfolio\backend\venv\Scripts\python.exe
cachedir: .pytest_cache
rootdir: C:\Users\SANYAM\OneDrive\Desktop\portfolio\backend
plugins: anyio-4.12.0, asyncio-0.23.5
asyncio: mode=Mode.STRICT
collecting ... collected 9 items / 1 error

=================================== ERRORS ====================================
______________________ ERROR collecting test_output.txt _______________________
..\..\..\..\AppData\Local\Programs\Python\Python314\Lib\pathlib\__init__.py:793: in read_text
    return f.read()
<frozen codecs>:325: in decode
    ???
E   UnicodeDecodeError: 'utf-8' codec can't decode byte 0xff in position 0: invalid start byte
============================== warnings summary ===============================
database.py:31
  C:\Users\SANYAM\OneDrive\Desktop\portfolio\backend\database.py:31: MovedIn20Warning: The ``declarative_base()`` function is now available as sqlalchemy.orm.declarative_base(). (deprecated since: 2.0) (Background on SQLAlchemy 2.0 at: https://sqlalche.me/e/b8d9)
    Base = declarative_base()

schemas.py:15
  C:\Users\SANYAM\OneDrive\Desktop\portfolio\backend\schemas.py:15: PydanticDeprecatedSince20: Support for class-based `config` is deprecated, use ConfigDict instead. Deprecated in Pydantic V2.0 to be removed in V3.0. See Pydantic V2 Migration Guide at https://errors.pydantic.dev/2.12/migration/
    class Project(ProjectBase):

schemas.py:29
  C:\Users\SANYAM\OneDrive\Desktop\portfolio\backend\schemas.py:29: PydanticDeprecatedSince20: Support for class-based `config` is deprecated, use ConfigDict instead. Deprecated in Pydantic V2.0 to be removed in V3.0. See Pydantic V2 Migration Guide at https://errors.pydantic.dev/2.12/migration/
    class Message(MessageBase):

main.py:94
  C:\Users\SANYAM\OneDrive\Desktop\portfolio\backend\main.py:94: DeprecationWarning: 
          on_event is deprecated, use lifespan event handlers instead.
  
          Read more about it in the
          [FastAPI docs for Lifespan Events](https://fastapi.tiangolo.com/advanced/events/).
          
    @app.on_event("startup")

venv\Lib\site-packages\fastapi\applications.py:4580
  C:\Users\SANYAM\OneDrive\Desktop\portfolio\backend\venv\Lib\site-packages\fastapi\applications.py:4580: DeprecationWarning: 
          on_event is deprecated, use lifespan event handlers instead.
  
          Read more about it in the
          [FastAPI docs for Lifespan Events](https://fastapi.tiangolo.com/advanced/events/).
          
    return self.router.on_event(event_type)

venv\Lib\site-packages\pytest_asyncio\plugin.py:168: 345 warnings
  C:\Users\SANYAM\OneDrive\Desktop\portfolio\backend\venv\Lib\site-packages\pytest_asyncio\plugin.py:168: DeprecationWarning: 'asyncio.iscoroutinefunction' is deprecated and slated for removal in Python 3.16; use inspect.iscoroutinefunction() instead
    return asyncio.iscoroutinefunction(obj) or inspect.isasyncgenfunction(obj)

venv\Lib\site-packages\pytest_asyncio\plugin.py:433
venv\Lib\site-packages\pytest_asyncio\plugin.py:433
venv\Lib\site-packages\pytest_asyncio\plugin.py:433
venv\Lib\site-packages\pytest_asyncio\plugin.py:433
venv\Lib\site-packages\pytest_asyncio\plugin.py:433
venv\Lib\site-packages\pytest_asyncio\plugin.py:433
venv\Lib\site-packages\pytest_asyncio\plugin.py:433
venv\Lib\site-packages\pytest_asyncio\plugin.py:433
venv\Lib\site-packages\pytest_asyncio\plugin.py:433
  C:\Users\SANYAM\OneDrive\Desktop\portfolio\backend\venv\Lib\site-packages\pytest_asyncio\plugin.py:433: DeprecationWarning: 'asyncio.iscoroutinefunction' is deprecated and slated for removal in Python 3.16; use inspect.iscoroutinefunction() instead
    return asyncio.iscoroutinefunction(func)

-- Docs: https://docs.pytest.org/en/stable/how-to/capture-warnings.html
=========================== short test summary info ===========================
ERROR test_output.txt - UnicodeDecodeError: 'utf-8' codec can't decode byte 0...
!!!!!!!!!!!!!!!!!!! Interrupted: 1 error during collection !!!!!!!!!!!!!!!!!!!!
======================= 359 warnings, 1 error in 0.51s ========================
